00:50:02 INFO    causal_bench.cli: starting EDA
00:50:02 INFO    causal_bench.cli: paths:
  repo root   : /Users/gyan/Documents/Root-Cause-Detection
  data        : /Users/gyan/Documents/Root-Cause-Detection/data
  configs     : /Users/gyan/Documents/Root-Cause-Detection/configs
  results     : /Users/gyan/Documents/Root-Cause-Detection/results
00:50:02 INFO    causal_bench.eda.runner: loaded datasetTE.csv: 1499 rows x 31 columns (dropped {'index_like': ['Unnamed: 0']})
00:50:02 INFO    causal_bench.eda.runner: stage: structure
00:50:02 INFO    causal_bench.eda.runner: stage: distribution
00:50:02 INFO    causal_bench.eda.runner: stage: linearity
00:50:22 INFO    causal_bench.eda.runner: stage: temporal
00:50:25 INFO    causal_bench.eda.runner: stage: conditioning
00:50:25 INFO    causal_bench.eda.runner: stage: suitability
00:50:25 INFO    causal_bench.eda.runner: stage: figures
00:50:26 INFO    causal_bench.eda.figures: figure: histograms_with_normal.png
00:50:27 INFO    causal_bench.eda.figures: figure: qq_marginals.png
00:50:28 INFO    causal_bench.eda.figures: figure: qq_var_residuals.png
00:50:28 INFO    causal_bench.eda.figures: figure: dependence_gap_heatmap.png
00:50:28 INFO    causal_bench.eda.figures: figure: nonlinear_pairs_scatter.png
00:50:30 INFO    causal_bench.eda.figures: figure: acf_pacf_grid.png
00:50:30 INFO    causal_bench.eda.figures: figure: rolling_moments.png
00:50:31 INFO    causal_bench.eda.figures: figure: cross_correlation_heatmaps.png
00:50:31 INFO    causal_bench.eda.runner: reference check: 20/20 match
00:50:31 INFO    causal_bench.eda.runner: wrote /Users/gyan/Documents/Root-Cause-Detection/results/eda/eda-20260831-005002/eda_report.json and /Users/gyan/Documents/Root-Cause-Detection/results/eda/eda-20260831-005002/EDA_REPORT.md (8 figures) in 29.3s
00:50:31 INFO    causal_bench.cli: copied figures to docs/figures
00:50:31 INFO    causal_bench.cli: copied report to docs/EDA_REPORT.md
