02:56:53 INFO    causal_bench.cli: starting discovery run
02:56:53 INFO    causal_bench.cli: paths:
  repo root   : /Users/gyan/Documents/Root-Cause-Detection
  data        : /Users/gyan/Documents/Root-Cause-Detection/data
  configs     : /Users/gyan/Documents/Root-Cause-Detection/configs
  results     : /Users/gyan/Documents/Root-Cause-Detection/results
02:56:53 INFO    causal_bench.discovery.runner: loaded datasetTE.csv: 1499 rows x 31 columns (dropped {'index_like': ['Unnamed: 0']})
02:56:53 INFO    causal_bench.discovery.targets: targets: full 32 edges, induced 28, projected 30 (latents ['X27', 'X31']; projection adds [('X11', 'X20'), ('X5', 'X20')])
02:56:53 INFO    causal_bench.discovery.runner: tau values [1, 2, 3] (EDA VAR order selection, swept over the full range 1..3 because the criteria disagree (AIC=3, BIC=1, HQIC=2, FPE=3))
02:56:53 INFO    causal_bench.discovery.runner: standardize=True (EDA preprocessing advice: largest/smallest column standard deviation = 2525.2, above 10.0: an unscaled distance or kernel computation would be dominated by the widest variable)
02:56:53 INFO    causal_bench.discovery.runner: running lste_tau3
02:56:54 INFO    causal_bench.algorithms.lste: LSTE: 2790 conditional mutual information tests (31 vars, lags 1..3, 20 shuffles each)
02:58:27 INFO    causal_bench.algorithms.lste: LSTE: 200/2790 tests done
03:00:10 INFO    causal_bench.algorithms.lste: LSTE: 400/2790 tests done
03:01:42 INFO    causal_bench.algorithms.lste: LSTE: 600/2790 tests done
03:03:13 INFO    causal_bench.algorithms.lste: LSTE: 800/2790 tests done
03:04:44 INFO    causal_bench.algorithms.lste: LSTE: 1000/2790 tests done
03:06:16 INFO    causal_bench.algorithms.lste: LSTE: 1200/2790 tests done
03:07:47 INFO    causal_bench.algorithms.lste: LSTE: 1400/2790 tests done
03:09:18 INFO    causal_bench.algorithms.lste: LSTE: 1600/2790 tests done
03:10:49 INFO    causal_bench.algorithms.lste: LSTE: 1800/2790 tests done
03:12:21 INFO    causal_bench.algorithms.lste: LSTE: 2000/2790 tests done
03:13:52 INFO    causal_bench.algorithms.lste: LSTE: 2200/2790 tests done
03:16:06 INFO    causal_bench.algorithms.lste: LSTE: 2400/2790 tests done
03:18:49 INFO    causal_bench.algorithms.lste: LSTE: 2600/2790 tests done
03:20:47 WARNING causal_bench.algorithms.lste: LSTE: 548 tests significant uncorrected but 0 survive fdr_bh; the shuffle test's p-value floor of 0.04762 may be the binding constraint, not the absence of signal
03:20:47 INFO    causal_bench.algorithms.base: lste: completed in 1434.2s (0 edges, assumptions_met=False)
03:20:47 INFO    causal_bench.discovery.runner: wrote /Users/gyan/Documents/Root-Cause-Detection/results/lste_only/run-20260831-025653/scores.csv, /Users/gyan/Documents/Root-Cause-Detection/results/lste_only/run-20260831-025653/RUN_REPORT.md and 1 graph(s) in 1434.3s
